$ astro build
(node:159156) [DEP0040] DeprecationWarning: The `punycode` module is deprecated. Please use a userland alternative instead.
(Use `node --trace-deprecation ...` to show where the warning was created)
13:28:19 [@astrojs/cloudflare] Enabling image processing with Cloudflare Images for production with the "IMAGES" Images binding.
13:28:19 [@astrojs/cloudflare] Enabling sessions with Cloudflare KV with the "SESSION" KV binding.
13:28:21 [vite] Re-optimizing dependencies because vite config has changed
13:28:21 [vite] Re-optimizing dependencies because vite config has changed
13:28:21 [content] Syncing content
13:28:21 [content] Synced content
13:28:21 [types] Generated 2.10s
13:28:21 [build] output: "static"
13:28:21 [build] mode: "server"
13:28:21 [build] directory: /home/phaylali/Documents/Apps/Omniversify/dist/
13:28:21 [build] adapter: @astrojs/cloudflare
13:28:21 [build] Collecting build info...
13:28:21 [build] ✓ Completed in 2.15s.
13:28:21 [build] Building server entrypoints...
13:28:22 [vite] ✓ built in 986ms
13:28:25 [WARN] [vite] Unexpected Node.js imports for environment "prerender". Do you need to enable the "nodejs_compat" compatibility flag? Refer to https://developers.cloudflare.com/workers/runtime-apis/nodejs/ for more details.
 - "node:path/posix" imported from "node_modules/.pnpm/astro-pagefind@1.8.5_astro@6.0.4_@types+node@25.5.0_jiti@2.6.1_lightningcss@1.31.1_rollup@4.59.0_/node_modules/astro-pagefind/src/components/Search.astro"

13:28:25 [vite] ✓ built in 2.17s
13:28:25 [vite] ✓ built in 781ms

 prerendering static routes 
Failed to get static paths from the Cloudflare prerender server (500: Internal Server Error). This is likely a bug in @astrojs/cloudflare. Please file an issue at https://github.com/withastro/astro/issues
  Location:
    /home/phaylali/Documents/Apps/Omniversify/node_modules/.pnpm/@astrojs+cloudflare@13.1.1_@types+node@25.5.0_astro@6.0.4_@types+node@25.5.0_jiti@2.6.1_01500c4654898156f5d1fe98aeadae4e/node_modules/@astrojs/cloudflare/dist/prerenderer.js:58:15
  Stack trace:
    at Object.getStaticPaths (file:///home/phaylali/Documents/Apps/Omniversify/node_modules/.pnpm/@astrojs+cloudflare@13.1.1_@types+node@25.5.0_astro@6.0.4_@types+node@25.5.0_jiti@2.6.1_01500c4654898156f5d1fe98aeadae4e/node_modules/@astrojs/cloudflare/dist/prerenderer.js:58:15)
    at async generatePages (file:///home/phaylali/Documents/Apps/Omniversify/node_modules/.pnpm/astro@6.0.4_@types+node@25.5.0_jiti@2.6.1_lightningcss@1.31.1_rollup@4.59.0/node_modules/astro/dist/core/build/generate.js:64:27)
    at async Object.buildApp (file:///home/phaylali/Documents/Apps/Omniversify/node_modules/.pnpm/vite@7.3.1_@types+node@25.5.0_jiti@2.6.1_lightningcss@1.31.1/node_modules/vite/dist/node/chunks/config.js:33894:5)
    at async viteBuild (file:///home/phaylali/Documents/Apps/Omniversify/node_modules/.pnpm/astro@6.0.4_@types+node@25.5.0_jiti@2.6.1_lightningcss@1.31.1_rollup@4.59.0/node_modules/astro/dist/core/build/static-build.js:76:3)
    at async AstroBuilder.run (file:///home/phaylali/Documents/Apps/Omniversify/node_modules/.pnpm/astro@6.0.4_@types+node@25.5.0_jiti@2.6.1_lightningcss@1.31.1_rollup@4.59.0/node_modules/astro/dist/core/build/index.js:189:7)
error: script "build" exited with code 1
