$ astro build
(node:159589) [DEP0040] DeprecationWarning: The `punycode` module is deprecated. Please use a userland alternative instead.
(Use `node --trace-deprecation ...` to show where the warning was created)
13:29:01 [@astrojs/cloudflare] Enabling image processing with Cloudflare Images for production with the "IMAGES" Images binding.
13:29:01 [@astrojs/cloudflare] Enabling sessions with Cloudflare KV with the "SESSION" KV binding.
13:29:01 [vite] Re-optimizing dependencies because vite config has changed
13:29:02 [vite] ✨ new dependencies optimized: @astrojs/cloudflare/entrypoints/server
13:29:02 [vite] ✨ optimized dependencies changed. reloading
13:29:02 [vite] [vite] program reload
13:29:03 [vite] Re-optimizing dependencies because vite config has changed
13:29:03 [vite] Re-optimizing dependencies because vite config has changed
13:29:03 [content] Syncing content
13:29:03 [content] Synced content
13:29:03 [types] Generated 2.29s
13:29:03 [build] output: "static"
13:29:03 [build] mode: "server"
13:29:03 [build] directory: /home/phaylali/Documents/Apps/Omniversify/dist/
13:29:03 [build] adapter: @astrojs/cloudflare
13:29:03 [build] Collecting build info...
13:29:03 [build] ✓ Completed in 2.33s.
13:29:03 [build] Building server entrypoints...
13:29:05 [vite] ✓ built in 1.06s
13:29:07 [vite] ✓ built in 2.05s
13:29:07 [vite] ✓ built in 758ms

 prerendering static routes 
13:29:08   ├─ /blog/aether-lore/index.html (+22ms) 
13:29:08   ├─ /blog/dev-diary-alpha/index.html (+8ms) 
13:29:08   ├─ /blog/welcome/index.html (+9ms) 
13:29:08   ├─ /blog/index.html (+10ms) 
13:29:08   ├─ /news/discord-open/index.html (+9ms) 
13:29:08   ├─ /news/first-five-projects/index.html (+8ms) 
13:29:08   ├─ /news/new-lore-entries/index.html (+9ms) 
13:29:08   ├─ /news/index.html (+10ms) 
13:29:08   ├─ /projects/alpha/index.html (+9ms) 
13:29:08   ├─ /projects/beta/index.html (+9ms) 
13:29:08   ├─ /projects/delta/index.html (+6ms) 
13:29:08   ├─ /projects/epsilon/index.html (+6ms) 
13:29:08   ├─ /projects/gamma/index.html (+6ms) 
13:29:08   ├─ /projects/index.html (+7ms) 
13:29:08   ├─ /wiki/characters/aether/index.html (+9ms) 
13:29:08   ├─ /wiki/characters/kairos/index.html (+6ms) 
13:29:08   ├─ /wiki/characters/lyra/index.html (+7ms) 
13:29:08   ├─ /wiki/events/nexus-war/index.html (+6ms) 
13:29:08   ├─ /wiki/events/the-fracture/index.html (+6ms) 
13:29:08   ├─ /wiki/realms/crystal-age/index.html (+7ms) 
13:29:08   ├─ /wiki/weapons/void-blade/index.html (+6ms) 
13:29:08   ├─ /wiki/characters/index.html (+8ms) 
13:29:08   ├─ /wiki/realms/index.html (+8ms) 
13:29:08   ├─ /wiki/weapons/index.html (+7ms) 
13:29:08   ├─ /wiki/events/index.html (+7ms) 
13:29:08   ├─ /wiki/index.html (+8ms) 
13:29:08   ├─ /index.html (+22ms) 
13:29:08 ✓ Completed in 856ms.

13:29:08 [build] Rearranging server assets...
13:29:08 [build] ✓ Completed in 4.85s.
13:29:08 [pagefind] Pagefind indexed 27 pages
13:29:08 [pagefind] Pagefind wrote index to /home/phaylali/Documents/Apps/Omniversify/dist/client/pagefind
13:29:08 [build] Server built in 7.29s
13:29:08 [build] Complete!
